D:\animation_test\New_LH_Banner\Animate_01.png
D:\animation_test\New_LH_Banner\Animate_02.png
D:\animation_test\New_LH_Banner\Animate_03.png
D:\animation_test\New_LH_Banner\Animate_04.png
D:\animation_test\New_LH_Banner\Animate_05.png
D:\animation_test\New_LH_Banner\Animate_06.png
D:\animation_test\New_LH_Banner\Animate_07.png
D:\animation_test\New_LH_Banner\Animate_08.png
D:\animation_test\New_LH_Banner\Animate_09.png
D:\animation_test\New_LH_Banner\Animate_10.png
D:\animation_test\New_LH_Banner\Animate_11.png
D:\animation_test\New_LH_Banner\Animate_12.png
D:\animation_test\New_LH_Banner\Animate_13.png
D:\animation_test\New_LH_Banner\Animate_14.png
D:\animation_test\New_LH_Banner\Animate_15.png
D:\animation_test\New_LH_Banner\Animate_16.png
D:\animation_test\New_LH_Banner\Animate_17.png
D:\animation_test\New_LH_Banner\Animate_18.png
D:\animation_test\New_LH_Banner\Animate_19.png
D:\animation_test\New_LH_Banner\Animate_20.png
D:\animation_test\New_LH_Banner\Animate_21.png
D:\animation_test\New_LH_Banner\Animate_22.png
D:\animation_test\New_LH_Banner\Animate_23.png
D:\animation_test\New_LH_Banner\Animate_24.png
D:\animation_test\New_LH_Banner\Animate_25.png
D:\animation_test\New_LH_Banner\Animate_26.png
D:\animation_test\New_LH_Banner\Animate_27.png
D:\animation_test\New_LH_Banner\Animate_28.png
D:\animation_test\New_LH_Banner\Animate_29.png
D:\animation_test\New_LH_Banner\Animate_30.png
D:\animation_test\New_LH_Banner\Animate_31.png
D:\animation_test\New_LH_Banner\Animate_32.png
D:\animation_test\New_LH_Banner\Animate_33.png
D:\animation_test\New_LH_Banner\Animate_34.png
D:\animation_test\New_LH_Banner\Animate_35.png
D:\animation_test\New_LH_Banner\Animate_36.png
D:\animation_test\New_LH_Banner\Animate_37.png
D:\animation_test\New_LH_Banner\Animate_38.png
D:\animation_test\New_LH_Banner\Animate_39.png
